Microchip MPLAB XC8 Compiler V2.32

Linker command line:

-W-3 --edf=C:\Program Files\Microchip\xc8\v2.32\pic\dat\en_msgs.txt -cn \
  -h+dist/default/debug\Czujnik.X_full.debug.sym \
  --cmf=dist/default/debug\Czujnik.X_full.debug.cmf -z -Q16F74 \
  -oC:\Users\R2-D2\AppData\Local\Temp\xcAs6vs.4 --defsym=__MPLAB_BUILD=1 \
  -Mdist/default/debug/Czujnik.X_full.debug.map -E1 -ver=XC8 Compiler \
  --acfsm=1493 -ASTACK=0A0h-0FDh -pstack=STACK -ACODE=00h-07FFhx2 \
  -ASTRCODE=00h-0FFFh -ASTRING=00h-0FFhx16 -ACONST=00h-0FFhx16 \
  -AENTRY=00h-0FFhx16 -ABANK0=020h-07Dh -ABANK1=0A0h-0FDh \
  -ARAM=020h-07Dh,0A0h-0FDh -AABS1=020h-07Fh,0A0h-0FFh -ACOMMON=07Eh-07Fh \
  -ASFR0=00h-01Fh -ASFR1=080h-09Fh -ASFR2=0100h-017Dh -ASFR3=0180h-01FDh \
  -ACONFIG=02007h-02007h -DCONFIG=2 -AIDLOC=02000h-02003h -DIDLOC=2 \
  -DCODE=2 -DSTRCODE=2 -DSTRING=2 -DCONST=2 -DENTRY=2 \
  -preset_vec=00h,intentry=04h,init,end_init -ppowerup=CODE -pcinit=CODE \
  -pfunctab=ENTRY -k C:\Users\R2-D2\AppData\Local\Temp\xcAs6vs.o \
  dist/default/debug\Czujnik.X_full.debug.o 

Object code version is 3.11

Machine type is 16F74



                Name                               Link     Load   Length Selector   Space Scale
C:\Users\R2-D2\AppData\Local\Temp\xcAs6vs.o
                end_init                              D        D        2        8       0
                reset_vec                             0        0        2        0       0
                config                             2007     2007        1        0       4
dist/default/debug\Czujnik.X_full.debug.o
                cinit                                 F        F       1B        8       0
                intentry                              4        4        9        8       0
                config                             2007     2007        1        0       4
                text1                                2A       2A       4C        8       0
                maintext                             76       76       10        8       0
                cstackBANK0                          26       26        5       20       1
                dataBANK0                            20       20        6       20       1
                idataBANK0                           86       86        6        8       0

TOTAL           Name                               Link     Load   Length     Space
        CLASS   STACK          

        CLASS   CODE           
                end_init                              D        D        2         0
                cinit                                 F        F       1B         0
                intentry                              4        4        9         0
                reset_vec                             0        0        2         0
                text1                                2A       2A       4C         0
                maintext                             76       76       10         0
                idataBANK0                           86       86        6         0

        CLASS   STRCODE        

        CLASS   STRING         

        CLASS   CONST          

        CLASS   ENTRY          

        CLASS   BANK0          
                cstackBANK0                          26       26        5         1
                dataBANK0                            20       20        6         1

        CLASS   BANK1          

        CLASS   RAM            

        CLASS   ABS1           
                abs_s1                               7E       7E        2         1

        CLASS   COMMON         

        CLASS   SFR0           

        CLASS   SFR1           

        CLASS   SFR2           

        CLASS   SFR3           

        CLASS   CONFIG         
                config                             2007     2007        1         4

        CLASS   IDLOC          

        CLASS   BANK3          

        CLASS   BANK2          

        CLASS   EEDATA         



SEGMENTS        Name                           Load    Length   Top    Selector   Space  Class     Delta

                reset_vec                      000000  000002  000002         0       0  CODE        2
                intentry                       000004  000088  00008C         8       0  CODE        2
                dataBANK0                      000020  00000B  00002B        20       1  BANK0       1


UNUSED ADDRESS RANGES

        Name                Unused          Largest block    Delta
        BANK0            002B-007D             53           1
        BANK1            00A0-00FD             5E           1
        CODE             0002-0003              2           2
                         008C-0FFF            774
        CONST            0002-0003              2           2
                         008C-0FFF            100
        ENTRY            0002-0003              2           2
                         008C-0FFF            100
        IDLOC            2000-2003              4           2
        RAM              002B-007D             53           1
                         00A0-00FD             5E
        SFR0             0000-001F             20           1
        SFR1             0080-009F             20           1
        SFR2             0100-017D             7E           1
        SFR3             0180-01FD             7E           1
        STACK            00A0-00FD             5E           1
        STRCODE          0002-0003              2           2
                         008C-0FFF            F74
        STRING           0002-0003              2           2
                         008C-0FFF            100

                                  Symbol Table

_INTCONbits              (abs)        000B
_ISR                     text1        002A
_OPTION_REGbits          (abs)        0081
_PORTBbits               (abs)        0006
_PORTCbits               (abs)        0007
_TRISBbits               (abs)        0086
_TRISCbits               (abs)        0087
__Habs1                  abs1         0000
__Hbank0                 bank0        0000
__Hbank1                 bank1        0000
__Hbank2                 bank2        0000
__Hbank3                 bank3        0000
__Hcinit                 cinit        002A
__Hclrtext               clrtext      0000
__Hcode                  code         0000
__Hcommon                common       0000
__Hconfig                config       2008
__HcstackBANK0           cstackBANK0  0000
__HcstackCOMMON          cstackCOMMON 0000
__HdataBANK0             dataBANK0    0000
__Heeprom_data           eeprom_data  0000
__Hend_init              end_init     000F
__Hfunctab               functab      0000
__HidataBANK0            idataBANK0   0000
__Hinit                  init         000D
__Hintentry              intentry     000D
__Hmaintext              maintext     0000
__Hpowerup               powerup      0000
__Hram                   ram          0000
__Hreset_vec             reset_vec    0002
__Hsfr0                  sfr0         0000
__Hsfr1                  sfr1         0000
__Hsfr2                  sfr2         0000
__Hsfr3                  sfr3         0000
__Hspace_0               (abs)        008C
__Hspace_1               (abs)        002B
__Hspace_2               (abs)        0000
__Hspace_3               (abs)        0000
__Hspace_4               (abs)        400F
__Hstack                 stack        0000
__Hstrings               strings      0000
__Htext                  text         0000
__Labs1                  abs1         0000
__Lbank0                 bank0        0000
__Lbank1                 bank1        0000
__Lbank2                 bank2        0000
__Lbank3                 bank3        0000
__Lcinit                 cinit        000F
__Lclrtext               clrtext      0000
__Lcode                  code         0000
__Lcommon                common       0000
__Lconfig                config       0000
__LcstackBANK0           cstackBANK0  0000
__LcstackCOMMON          cstackCOMMON 0000
__LdataBANK0             dataBANK0    0000
__Leeprom_data           eeprom_data  0000
__Lend_init              end_init     000D
__Lfunctab               functab      0000
__LidataBANK0            idataBANK0   0000
__Linit                  init         000D
__Lintentry              intentry     0004
__Lmaintext              maintext     0000
__Lpowerup               powerup      0000
__Lram                   ram          0000
__Lreset_vec             reset_vec    0000
__Lsfr0                  sfr0         0000
__Lsfr1                  sfr1         0000
__Lsfr2                  sfr2         0000
__Lsfr3                  sfr3         0000
__Lspace_0               (abs)        0000
__Lspace_1               (abs)        0000
__Lspace_2               (abs)        0000
__Lspace_3               (abs)        0000
__Lspace_4               (abs)        0000
__Lstack                 stack        0000
__Lstrings               strings      0000
__Ltext                  text         0000
__S0                     (abs)        008C
__S1                     (abs)        002B
__S2                     (abs)        0000
___int_sp                stack        0000
___latbits               (abs)        0001
___sp                    stack        0000
___stackhi               (abs)        0000
___stacklo               (abs)        0000
__end_of_ISR             text1        0076
__end_of__initialization cinit        0027
__end_of_main            maintext     0086
__initialization         cinit        000F
__pcstackBANK0           cstackBANK0  0026
__pcstackCOMMON          cstackCOMMON 0000
__pdataBANK0             dataBANK0    0020
__pidataBANK0            idataBANK0   0086
__pintentry              intentry     0004
__pmaintext              maintext     0076
__ptext1                 text1        002A
__size_of_ISR            (abs)        0000
__size_of_main           (abs)        0000
_counter                 dataBANK0    0024
_lastStatEntry           dataBANK0    0022
_lastStatExit            dataBANK0    0020
_main                    maintext     0076
btemp                    (abs)        007E
end_of_initialization    cinit        0027
interrupt_function       intentry     0004
intlevel0                functab      0000
intlevel1                functab      0000
intlevel2                functab      0000
intlevel3                functab      0000
intlevel4                functab      0000
intlevel5                functab      0000
reset_vec                reset_vec    0000
saved_w                  (abs)        007E
start                    init         000D
start_initialization     cinit        000F
wtemp0                   (abs)        007E


MODULE INFORMATION

Module		Function		Class		Link	Load	Size
Czujnik.c
		_ISR           		CODE           	002A	0000	76
		_main          		CODE           	0076	0000	16

Czujnik.c estimated size: 92

shared
		__initialization		CODE           	000F	0000	24

shared estimated size: 24

